<?xml version="1.0" encoding="ISO-8859-1" ?>
<link_info>
   <banner>TI ARM Linker PC v18.12.4.LTS</banner>
   <copyright>Copyright (c) 1996-2018 Texas Instruments Incorporated</copyright>
   <link_time>0x5e8fb25d</link_time>
   <link_errors>0x0</link_errors>
   <output_file>boostxl_edumkii_joystick_msp432p401r_MSP_EXP432P401R_nortos_ccs.out</output_file>
   <entry_point>
      <name>_c_int00_noargs</name>
      <address>0x332d</address>
   </entry_point>
   <input_file_list>
      <input_file id="fl-2">
         <path>.\</path>
         <kind>object</kind>
         <file>main.obj</file>
         <name>main.obj</name>
      </input_file>
      <input_file id="fl-3">
         <path>.\</path>
         <kind>object</kind>
         <file>system_msp432p401r.obj</file>
         <name>system_msp432p401r.obj</name>
      </input_file>
      <input_file id="fl-4">
         <path>.\LcdDriver\</path>
         <kind>object</kind>
         <file>Crystalfontz128x128_ST7735.obj</file>
         <name>Crystalfontz128x128_ST7735.obj</name>
      </input_file>
      <input_file id="fl-5">
         <path>.\LcdDriver\</path>
         <kind>object</kind>
         <file>HAL_MSP_EXP432P401R_Crystalfontz128x128_ST7735.obj</file>
         <name>HAL_MSP_EXP432P401R_Crystalfontz128x128_ST7735.obj</name>
      </input_file>
      <input_file id="fl-6">
         <path>.\ccs\</path>
         <kind>object</kind>
         <file>startup_msp432p401r_ccs.obj</file>
         <name>startup_msp432p401r_ccs.obj</name>
      </input_file>
      <input_file id="fl-11">
         <kind>object</kind>
         <file>&lt;internal&gt;</file>
         <name>&lt;internal&gt;</name>
      </input_file>
      <input_file id="fl-12">
         <path>C:\ti\simplelink_msp432p4_sdk_3_40_01_02\source\ti\grlib\lib\ccs\m4f\</path>
         <kind>archive</kind>
         <file>grlib.a</file>
         <name>context.obj</name>
      </input_file>
      <input_file id="fl-13">
         <path>C:\ti\simplelink_msp432p4_sdk_3_40_01_02\source\ti\grlib\lib\ccs\m4f\</path>
         <kind>archive</kind>
         <file>grlib.a</file>
         <name>display.obj</name>
      </input_file>
      <input_file id="fl-14">
         <path>C:\ti\simplelink_msp432p4_sdk_3_40_01_02\source\ti\grlib\lib\ccs\m4f\</path>
         <kind>archive</kind>
         <file>grlib.a</file>
         <name>fontfixed6x8.obj</name>
      </input_file>
      <input_file id="fl-15">
         <path>C:\ti\simplelink_msp432p4_sdk_3_40_01_02\source\ti\grlib\lib\ccs\m4f\</path>
         <kind>archive</kind>
         <file>grlib.a</file>
         <name>string.obj</name>
      </input_file>
      <input_file id="fl-16">
         <path>C:\ti\simplelink_msp432p4_sdk_3_40_01_02\source\ti\grlib\lib\ccs\m4f\</path>
         <kind>archive</kind>
         <file>grlib.a</file>
         <name>line.obj</name>
      </input_file>
      <input_file id="fl-17">
         <path>C:\ti\simplelink_msp432p4_sdk_3_40_01_02\source\ti\devices\msp432p4xx\driverlib\ccs\</path>
         <kind>archive</kind>
         <file>msp432p4xx_driverlib.lib</file>
         <name>adc14.o</name>
      </input_file>
      <input_file id="fl-18">
         <path>C:\ti\simplelink_msp432p4_sdk_3_40_01_02\source\ti\devices\msp432p4xx\driverlib\ccs\</path>
         <kind>archive</kind>
         <file>msp432p4xx_driverlib.lib</file>
         <name>gpio.o</name>
      </input_file>
      <input_file id="fl-19">
         <path>C:\ti\simplelink_msp432p4_sdk_3_40_01_02\source\ti\devices\msp432p4xx\driverlib\ccs\</path>
         <kind>archive</kind>
         <file>msp432p4xx_driverlib.lib</file>
         <name>interrupt.o</name>
      </input_file>
      <input_file id="fl-1a">
         <path>C:\ti\simplelink_msp432p4_sdk_3_40_01_02\source\ti\devices\msp432p4xx\driverlib\ccs\</path>
         <kind>archive</kind>
         <file>msp432p4xx_driverlib.lib</file>
         <name>spi.o</name>
      </input_file>
      <input_file id="fl-1b">
         <path>C:\ti\simplelink_msp432p4_sdk_3_40_01_02\source\ti\devices\msp432p4xx\driverlib\ccs\</path>
         <kind>archive</kind>
         <file>msp432p4xx_driverlib.lib</file>
         <name>cpu.o</name>
      </input_file>
      <input_file id="fl-d1">
         <path>C:\ti\ccs930\ccs\tools\compiler\ti-cgt-arm_18.12.4.LTS\lib\</path>
         <kind>archive</kind>
         <file>rtsv7M4_T_le_v4SPD16_eabi.lib</file>
         <name>sprintf.c.obj</name>
      </input_file>
      <input_file id="fl-d2">
         <path>C:\ti\ccs930\ccs\tools\compiler\ti-cgt-arm_18.12.4.LTS\lib\</path>
         <kind>archive</kind>
         <file>rtsv7M4_T_le_v4SPD16_eabi.lib</file>
         <name>memcpy_t2.asm.obj</name>
      </input_file>
      <input_file id="fl-d3">
         <path>C:\ti\ccs930\ccs\tools\compiler\ti-cgt-arm_18.12.4.LTS\lib\</path>
         <kind>archive</kind>
         <file>rtsv7M4_T_le_v4SPD16_eabi.lib</file>
         <name>copy_zero_init.c.obj</name>
      </input_file>
      <input_file id="fl-d4">
         <path>C:\ti\ccs930\ccs\tools\compiler\ti-cgt-arm_18.12.4.LTS\lib\</path>
         <kind>archive</kind>
         <file>rtsv7M4_T_le_v4SPD16_eabi.lib</file>
         <name>copy_decompress_none.c.obj</name>
      </input_file>
      <input_file id="fl-d5">
         <path>C:\ti\ccs930\ccs\tools\compiler\ti-cgt-arm_18.12.4.LTS\lib\</path>
         <kind>archive</kind>
         <file>rtsv7M4_T_le_v4SPD16_eabi.lib</file>
         <name>copy_decompress_lzss.c.obj</name>
      </input_file>
      <input_file id="fl-d6">
         <path>C:\ti\ccs930\ccs\tools\compiler\ti-cgt-arm_18.12.4.LTS\lib\</path>
         <kind>archive</kind>
         <file>rtsv7M4_T_le_v4SPD16_eabi.lib</file>
         <name>boot_cortex_m.c.obj</name>
      </input_file>
      <input_file id="fl-d7">
         <path>C:\ti\ccs930\ccs\tools\compiler\ti-cgt-arm_18.12.4.LTS\lib\</path>
         <kind>archive</kind>
         <file>rtsv7M4_T_le_v4SPD16_eabi.lib</file>
         <name>_printfi.c.obj</name>
      </input_file>
      <input_file id="fl-d8">
         <path>C:\ti\ccs930\ccs\tools\compiler\ti-cgt-arm_18.12.4.LTS\lib\</path>
         <kind>archive</kind>
         <file>rtsv7M4_T_le_v4SPD16_eabi.lib</file>
         <name>fd_add_t2.asm.obj</name>
      </input_file>
      <input_file id="fl-d9">
         <path>C:\ti\ccs930\ccs\tools\compiler\ti-cgt-arm_18.12.4.LTS\lib\</path>
         <kind>archive</kind>
         <file>rtsv7M4_T_le_v4SPD16_eabi.lib</file>
         <name>fd_cmp_t2.asm.obj</name>
      </input_file>
      <input_file id="fl-da">
         <path>C:\ti\ccs930\ccs\tools\compiler\ti-cgt-arm_18.12.4.LTS\lib\</path>
         <kind>archive</kind>
         <file>rtsv7M4_T_le_v4SPD16_eabi.lib</file>
         <name>fd_div_t2.asm.obj</name>
      </input_file>
      <input_file id="fl-db">
         <path>C:\ti\ccs930\ccs\tools\compiler\ti-cgt-arm_18.12.4.LTS\lib\</path>
         <kind>archive</kind>
         <file>rtsv7M4_T_le_v4SPD16_eabi.lib</file>
         <name>fd_mul_t2.asm.obj</name>
      </input_file>
      <input_file id="fl-dc">
         <path>C:\ti\ccs930\ccs\tools\compiler\ti-cgt-arm_18.12.4.LTS\lib\</path>
         <kind>archive</kind>
         <file>rtsv7M4_T_le_v4SPD16_eabi.lib</file>
         <name>fd_toi_t2.asm.obj</name>
      </input_file>
      <input_file id="fl-dd">
         <path>C:\ti\ccs930\ccs\tools\compiler\ti-cgt-arm_18.12.4.LTS\lib\</path>
         <kind>archive</kind>
         <file>rtsv7M4_T_le_v4SPD16_eabi.lib</file>
         <name>i_tofd_t2.asm.obj</name>
      </input_file>
      <input_file id="fl-de">
         <path>C:\ti\ccs930\ccs\tools\compiler\ti-cgt-arm_18.12.4.LTS\lib\</path>
         <kind>archive</kind>
         <file>rtsv7M4_T_le_v4SPD16_eabi.lib</file>
         <name>ull_div_t2.asm.obj</name>
      </input_file>
      <input_file id="fl-df">
         <path>C:\ti\ccs930\ccs\tools\compiler\ti-cgt-arm_18.12.4.LTS\lib\</path>
         <kind>archive</kind>
         <file>rtsv7M4_T_le_v4SPD16_eabi.lib</file>
         <name>memset_t2.asm.obj</name>
      </input_file>
      <input_file id="fl-e0">
         <path>C:\ti\ccs930\ccs\tools\compiler\ti-cgt-arm_18.12.4.LTS\lib\</path>
         <kind>archive</kind>
         <file>rtsv7M4_T_le_v4SPD16_eabi.lib</file>
         <name>autoinit.c.obj</name>
      </input_file>
      <input_file id="fl-e1">
         <path>C:\ti\ccs930\ccs\tools\compiler\ti-cgt-arm_18.12.4.LTS\lib\</path>
         <kind>archive</kind>
         <file>rtsv7M4_T_le_v4SPD16_eabi.lib</file>
         <name>pre_init.c.obj</name>
      </input_file>
      <input_file id="fl-e2">
         <path>C:\ti\ccs930\ccs\tools\compiler\ti-cgt-arm_18.12.4.LTS\lib\</path>
         <kind>archive</kind>
         <file>rtsv7M4_T_le_v4SPD16_eabi.lib</file>
         <name>cpy_tbl.c.obj</name>
      </input_file>
      <input_file id="fl-e3">
         <path>C:\ti\ccs930\ccs\tools\compiler\ti-cgt-arm_18.12.4.LTS\lib\</path>
         <kind>archive</kind>
         <file>rtsv7M4_T_le_v4SPD16_eabi.lib</file>
         <name>exit.c.obj</name>
      </input_file>
      <input_file id="fl-e4">
         <path>C:\ti\ccs930\ccs\tools\compiler\ti-cgt-arm_18.12.4.LTS\lib\</path>
         <kind>archive</kind>
         <file>rtsv7M4_T_le_v4SPD16_eabi.lib</file>
         <name>_lock.c.obj</name>
      </input_file>
      <input_file id="fl-e5">
         <path>C:\ti\ccs930\ccs\tools\compiler\ti-cgt-arm_18.12.4.LTS\lib\</path>
         <kind>archive</kind>
         <file>rtsv7M4_T_le_v4SPD16_eabi.lib</file>
         <name>args_main.c.obj</name>
      </input_file>
      <input_file id="fl-e6">
         <path>C:\ti\ccs930\ccs\tools\compiler\ti-cgt-arm_18.12.4.LTS\lib\</path>
         <kind>archive</kind>
         <file>rtsv7M4_T_le_v4SPD16_eabi.lib</file>
         <name>atoi.c.obj</name>
      </input_file>
      <input_file id="fl-e7">
         <path>C:\ti\ccs930\ccs\tools\compiler\ti-cgt-arm_18.12.4.LTS\lib\</path>
         <kind>archive</kind>
         <file>rtsv7M4_T_le_v4SPD16_eabi.lib</file>
         <name>ctype.c.obj</name>
      </input_file>
      <input_file id="fl-e8">
         <path>C:\ti\ccs930\ccs\tools\compiler\ti-cgt-arm_18.12.4.LTS\lib\</path>
         <kind>archive</kind>
         <file>rtsv7M4_T_le_v4SPD16_eabi.lib</file>
         <name>ltoa.c.obj</name>
      </input_file>
      <input_file id="fl-e9">
         <path>C:\ti\ccs930\ccs\tools\compiler\ti-cgt-arm_18.12.4.LTS\lib\</path>
         <kind>archive</kind>
         <file>rtsv7M4_T_le_v4SPD16_eabi.lib</file>
         <name>memccpy.c.obj</name>
      </input_file>
      <input_file id="fl-ea">
         <path>C:\ti\ccs930\ccs\tools\compiler\ti-cgt-arm_18.12.4.LTS\lib\</path>
         <kind>archive</kind>
         <file>rtsv7M4_T_le_v4SPD16_eabi.lib</file>
         <name>strchr.c.obj</name>
      </input_file>
      <input_file id="fl-eb">
         <path>C:\ti\ccs930\ccs\tools\compiler\ti-cgt-arm_18.12.4.LTS\lib\</path>
         <kind>archive</kind>
         <file>rtsv7M4_T_le_v4SPD16_eabi.lib</file>
         <name>strlen.c.obj</name>
      </input_file>
      <input_file id="fl-ec">
         <path>C:\ti\ccs930\ccs\tools\compiler\ti-cgt-arm_18.12.4.LTS\lib\</path>
         <kind>archive</kind>
         <file>rtsv7M4_T_le_v4SPD16_eabi.lib</file>
         <name>errno.c.obj</name>
      </input_file>
      <input_file id="fl-ed">
         <path>C:\ti\ccs930\ccs\tools\compiler\ti-cgt-arm_18.12.4.LTS\lib\</path>
         <kind>archive</kind>
         <file>rtsv7M4_T_le_v4SPD16_eabi.lib</file>
         <name>wcslen.c.obj</name>
      </input_file>
      <input_file id="fl-ee">
         <path>C:\ti\ccs930\ccs\tools\compiler\ti-cgt-arm_18.12.4.LTS\lib\</path>
         <kind>archive</kind>
         <file>rtsv7M4_T_le_v4SPD16_eabi.lib</file>
         <name>s_frexp.c.obj</name>
      </input_file>
      <input_file id="fl-ef">
         <path>C:\ti\ccs930\ccs\tools\compiler\ti-cgt-arm_18.12.4.LTS\lib\</path>
         <kind>archive</kind>
         <file>rtsv7M4_T_le_v4SPD16_eabi.lib</file>
         <name>s_scalbn.c.obj</name>
      </input_file>
      <input_file id="fl-f0">
         <path>C:\ti\ccs930\ccs\tools\compiler\ti-cgt-arm_18.12.4.LTS\lib\</path>
         <kind>archive</kind>
         <file>rtsv7M4_T_le_v4SPD16_eabi.lib</file>
         <name>div0.asm.obj</name>
      </input_file>
      <input_file id="fl-f1">
         <path>C:\ti\ccs930\ccs\tools\compiler\ti-cgt-arm_18.12.4.LTS\lib\</path>
         <kind>archive</kind>
         <file>rtsv7M4_T_le_v4SPD16_eabi.lib</file>
         <name>s_copysign.c.obj</name>
      </input_file>
   </input_file_list>
   <object_component_list>
      <object_component id="oc-23">
         <name>.intvecs:retain</name>
         <load_address>0x0</load_address>
         <run_address>0x0</run_address>
         <size>0xe4</size>
         <input_file_ref idref="fl-6"/>
      </object_component>
      <object_component id="oc-17e">
         <name>.text:__TI_printfi</name>
         <load_address>0xe4</load_address>
         <run_address>0xe4</run_address>
         <size>0xa4e</size>
         <input_file_ref idref="fl-d7"/>
      </object_component>
      <object_component id="oc-19d">
         <name>.text:Graphics_drawString</name>
         <load_address>0xb32</load_address>
         <run_address>0xb32</run_address>
         <size>0x47e</size>
         <input_file_ref idref="fl-15"/>
      </object_component>
      <object_component id="oc-293">
         <name>.text:_pconv_a</name>
         <load_address>0xfb0</load_address>
         <run_address>0xfb0</run_address>
         <size>0x270</size>
         <input_file_ref idref="fl-d7"/>
      </object_component>
      <object_component id="oc-215">
         <name>.text:Crystalfontz128x128_PixelDrawMultiple</name>
         <load_address>0x1220</load_address>
         <run_address>0x1220</run_address>
         <size>0x1d8</size>
         <input_file_ref idref="fl-4"/>
      </object_component>
      <object_component id="oc-281">
         <name>.text:_pconv_g</name>
         <load_address>0x13f8</load_address>
         <run_address>0x13f8</run_address>
         <size>0x1d0</size>
         <input_file_ref idref="fl-d7"/>
      </object_component>
      <object_component id="oc-36c">
         <name>.text</name>
         <load_address>0x15c8</load_address>
         <run_address>0x15c8</run_address>
         <size>0x1b6</size>
         <input_file_ref idref="fl-d8"/>
      </object_component>
      <object_component id="oc-6a">
         <name>.text:Default_Handler</name>
         <load_address>0x177e</load_address>
         <run_address>0x177e</run_address>
         <size>0x2</size>
         <input_file_ref idref="fl-6"/>
      </object_component>
      <object_component id="oc-9c">
         <name>.text:main</name>
         <load_address>0x1780</load_address>
         <run_address>0x1780</run_address>
         <size>0x1b4</size>
         <input_file_ref idref="fl-2"/>
      </object_component>
      <object_component id="oc-16f">
         <name>.text:_getIndexForMemRegister</name>
         <load_address>0x1934</load_address>
         <run_address>0x1934</run_address>
         <size>0x160</size>
         <input_file_ref idref="fl-17"/>
      </object_component>
      <object_component id="oc-28d">
         <name>.text:_pconv_e</name>
         <load_address>0x1a94</load_address>
         <run_address>0x1a94</run_address>
         <size>0x13c</size>
         <input_file_ref idref="fl-d7"/>
      </object_component>
      <object_component id="oc-352">
         <name>.text</name>
         <load_address>0x1bd0</load_address>
         <run_address>0x1bd0</run_address>
         <size>0x136</size>
         <input_file_ref idref="fl-da"/>
      </object_component>
      <object_component id="oc-3ff">
         <name>.text</name>
         <load_address>0x1d06</load_address>
         <run_address>0x1d06</run_address>
         <size>0x2</size>
         <input_file_ref idref="fl-f0"/>
      </object_component>
      <object_component id="oc-1e1">
         <name>.text:Crystalfontz128x128_SetDrawFrame</name>
         <load_address>0x1d08</load_address>
         <run_address>0x1d08</run_address>
         <size>0x134</size>
         <input_file_ref idref="fl-4"/>
      </object_component>
      <object_component id="oc-f0">
         <name>.text:Crystalfontz128x128_Init</name>
         <load_address>0x1e3c</load_address>
         <run_address>0x1e3c</run_address>
         <size>0x12c</size>
         <input_file_ref idref="fl-4"/>
      </object_component>
      <object_component id="oc-37e">
         <name>.text:fcvt</name>
         <load_address>0x1f68</load_address>
         <run_address>0x1f68</run_address>
         <size>0x124</size>
         <input_file_ref idref="fl-d7"/>
      </object_component>
      <object_component id="oc-392">
         <name>.text:scalbn</name>
         <load_address>0x208c</load_address>
         <run_address>0x208c</run_address>
         <size>0x110</size>
         <input_file_ref idref="fl-ef"/>
      </object_component>
      <object_component id="oc-34d">
         <name>.text</name>
         <load_address>0x219c</load_address>
         <run_address>0x219c</run_address>
         <size>0xfc</size>
         <input_file_ref idref="fl-db"/>
      </object_component>
      <object_component id="oc-197">
         <name>.text:Graphics_getStringWidth</name>
         <load_address>0x2298</load_address>
         <run_address>0x2298</run_address>
         <size>0xfa</size>
         <input_file_ref idref="fl-15"/>
      </object_component>
      <object_component id="oc-70">
         <name>.text:ADC14_IRQHandler</name>
         <load_address>0x2394</load_address>
         <run_address>0x2394</run_address>
         <size>0xec</size>
         <input_file_ref idref="fl-2"/>
      </object_component>
      <object_component id="oc-120">
         <name>.text:ADC14_configureConversionMemory</name>
         <load_address>0x2480</load_address>
         <run_address>0x2480</run_address>
         <size>0xb4</size>
         <input_file_ref idref="fl-17"/>
      </object_component>
      <object_component id="oc-11a">
         <name>.text:ADC14_configureMultiSequenceMode</name>
         <load_address>0x2534</load_address>
         <run_address>0x2534</run_address>
         <size>0xb4</size>
         <input_file_ref idref="fl-17"/>
      </object_component>
      <object_component id="oc-276">
         <name>.text:_ltostr</name>
         <load_address>0x25e8</load_address>
         <run_address>0x25e8</run_address>
         <size>0xb1</size>
         <input_file_ref idref="fl-d7"/>
      </object_component>
      <object_component id="oc-2de">
         <name>.text:SPI_initMaster</name>
         <load_address>0x269a</load_address>
         <run_address>0x269a</run_address>
         <size>0xb0</size>
         <input_file_ref idref="fl-1a"/>
      </object_component>
      <object_component id="oc-227">
         <name>.text:Crystalfontz128x128_RectFill</name>
         <load_address>0x274a</load_address>
         <run_address>0x274a</run_address>
         <size>0x9c</size>
         <input_file_ref idref="fl-4"/>
      </object_component>
      <object_component id="oc-2c2">
         <name>.text:Graphics_drawLineH</name>
         <load_address>0x27e6</load_address>
         <run_address>0x27e6</run_address>
         <size>0x9c</size>
         <input_file_ref idref="fl-16"/>
      </object_component>
      <object_component id="oc-34">
         <name>.text</name>
         <load_address>0x2882</load_address>
         <run_address>0x2882</run_address>
         <size>0x9c</size>
         <input_file_ref idref="fl-d2"/>
      </object_component>
      <object_component id="oc-346">
         <name>.text</name>
         <load_address>0x291e</load_address>
         <run_address>0x291e</run_address>
         <size>0x96</size>
         <input_file_ref idref="fl-de"/>
      </object_component>
      <object_component id="oc-2d1">
         <name>.text:GPIO_setAsPeripheralModuleFunctionOutputPin</name>
         <load_address>0x29b4</load_address>
         <run_address>0x29b4</run_address>
         <size>0x88</size>
         <input_file_ref idref="fl-18"/>
      </object_component>
      <object_component id="oc-27c">
         <name>.text:__aeabi_cdcmple</name>
         <load_address>0x2a3c</load_address>
         <run_address>0x2a3c</run_address>
         <size>0x86</size>
         <input_file_ref idref="fl-d9"/>
      </object_component>
      <object_component id="oc-357">
         <name>.text:__aeabi_cdrcmple</name>
         <load_address>0x2ac2</load_address>
         <run_address>0x2ac2</run_address>
         <size>0x86</size>
         <input_file_ref idref="fl-d9"/>
      </object_component>
      <object_component id="oc-90">
         <name>.text</name>
         <load_address>0x2b48</load_address>
         <run_address>0x2b48</run_address>
         <size>0x7a</size>
         <input_file_ref idref="fl-df"/>
      </object_component>
      <object_component id="oc-ae">
         <name>.text:SystemInit</name>
         <load_address>0x2bc4</load_address>
         <run_address>0x2bc4</run_address>
         <size>0x78</size>
         <input_file_ref idref="fl-3"/>
      </object_component>
      <object_component id="oc-377">
         <name>.text:_mcpy</name>
         <load_address>0x2c3c</load_address>
         <run_address>0x2c3c</run_address>
         <size>0x6e</size>
         <input_file_ref idref="fl-d7"/>
      </object_component>
      <object_component id="oc-14">
         <name>.text:decompress:lzss:__TI_decompress_lzss</name>
         <load_address>0x2caa</load_address>
         <run_address>0x2caa</run_address>
         <size>0x68</size>
         <input_file_ref idref="fl-d5"/>
      </object_component>
      <object_component id="oc-38c">
         <name>.text:frexp</name>
         <load_address>0x2d14</load_address>
         <run_address>0x2d14</run_address>
         <size>0x64</size>
         <input_file_ref idref="fl-ee"/>
      </object_component>
      <object_component id="oc-21b">
         <name>.text:Crystalfontz128x128_LineDrawH</name>
         <load_address>0x2d78</load_address>
         <run_address>0x2d78</run_address>
         <size>0x60</size>
         <input_file_ref idref="fl-4"/>
      </object_component>
      <object_component id="oc-221">
         <name>.text:Crystalfontz128x128_LineDrawV</name>
         <load_address>0x2dd8</load_address>
         <run_address>0x2dd8</run_address>
         <size>0x60</size>
         <input_file_ref idref="fl-4"/>
      </object_component>
      <object_component id="oc-287">
         <name>.text:_pconv_f</name>
         <load_address>0x2e38</load_address>
         <run_address>0x2e38</run_address>
         <size>0x56</size>
         <input_file_ref idref="fl-d7"/>
      </object_component>
      <object_component id="oc-f6">
         <name>.text:Crystalfontz128x128_SetOrientation</name>
         <load_address>0x2e90</load_address>
         <run_address>0x2e90</run_address>
         <size>0x54</size>
         <input_file_ref idref="fl-4"/>
      </object_component>
      <object_component id="oc-361">
         <name>.text:ltoa</name>
         <load_address>0x2ee4</load_address>
         <run_address>0x2ee4</run_address>
         <size>0x54</size>
         <input_file_ref idref="fl-e8"/>
      </object_component>
      <object_component id="oc-fc">
         <name>.text:Graphics_initContext</name>
         <load_address>0x2f38</load_address>
         <run_address>0x2f38</run_address>
         <size>0x52</size>
         <input_file_ref idref="fl-12"/>
      </object_component>
      <object_component id="oc-371">
         <name>.text:_ecpy</name>
         <load_address>0x2f8a</load_address>
         <run_address>0x2f8a</run_address>
         <size>0x52</size>
         <input_file_ref idref="fl-d7"/>
      </object_component>
      <object_component id="oc-270">
         <name>.text:atoi</name>
         <load_address>0x2fdc</load_address>
         <run_address>0x2fdc</run_address>
         <size>0x4c</size>
         <input_file_ref idref="fl-e6"/>
      </object_component>
      <object_component id="oc-c2">
         <name>.text:Graphics_drawStringCentered</name>
         <load_address>0x3028</load_address>
         <run_address>0x3028</run_address>
         <size>0x48</size>
         <input_file_ref idref="fl-15"/>
      </object_component>
      <object_component id="oc-35c">
         <name>.text</name>
         <load_address>0x3070</load_address>
         <run_address>0x3070</run_address>
         <size>0x48</size>
         <input_file_ref idref="fl-dc"/>
      </object_component>
      <object_component id="oc-13c">
         <name>.text:__TI_auto_init_nobinit_nopinit:__TI_auto_init_nobinit_nopinit</name>
         <load_address>0x30b8</load_address>
         <run_address>0x30b8</run_address>
         <size>0x44</size>
         <input_file_ref idref="fl-e0"/>
      </object_component>
      <object_component id="oc-20f">
         <name>.text:Crystalfontz128x128_PixelDraw</name>
         <load_address>0x30fc</load_address>
         <run_address>0x30fc</run_address>
         <size>0x40</size>
         <input_file_ref idref="fl-4"/>
      </object_component>
      <object_component id="oc-2d7">
         <name>.text:GPIO_setAsOutputPin</name>
         <load_address>0x313c</load_address>
         <run_address>0x313c</run_address>
         <size>0x40</size>
         <input_file_ref idref="fl-18"/>
      </object_component>
      <object_component id="oc-2bc">
         <name>.text:Graphics_getNumberOfLeadingZeros</name>
         <load_address>0x317c</load_address>
         <run_address>0x317c</run_address>
         <size>0x40</size>
         <input_file_ref idref="fl-15"/>
      </object_component>
      <object_component id="oc-1c3">
         <name>.text:HAL_LCD_SpiInit</name>
         <load_address>0x31bc</load_address>
         <run_address>0x31bc</run_address>
         <size>0x40</size>
         <input_file_ref idref="fl-5"/>
      </object_component>
      <object_component id="oc-3ca">
         <name>.text:is_A_Module</name>
         <load_address>0x31fc</load_address>
         <run_address>0x31fc</run_address>
         <size>0x40</size>
         <input_file_ref idref="fl-1a"/>
      </object_component>
      <object_component id="oc-bc">
         <name>.text:sprintf</name>
         <load_address>0x323c</load_address>
         <run_address>0x323c</run_address>
         <size>0x40</size>
         <input_file_ref idref="fl-d1"/>
      </object_component>
      <object_component id="oc-384">
         <name>.text:_fcpy</name>
         <load_address>0x327c</load_address>
         <run_address>0x327c</run_address>
         <size>0x3e</size>
         <input_file_ref idref="fl-d7"/>
      </object_component>
      <object_component id="oc-1d5">
         <name>.text:HAL_LCD_writeCommand</name>
         <load_address>0x32bc</load_address>
         <run_address>0x32bc</run_address>
         <size>0x38</size>
         <input_file_ref idref="fl-5"/>
      </object_component>
      <object_component id="oc-3bf">
         <name>.text:Graphics_drawHorizontalLineOnDisplay</name>
         <load_address>0x32f4</load_address>
         <run_address>0x32f4</run_address>
         <size>0x36</size>
         <input_file_ref idref="fl-13"/>
      </object_component>
      <object_component id="oc-52">
         <name>.text:_c_int00_noargs:_c_int00_noargs</name>
         <load_address>0x332c</load_address>
         <run_address>0x332c</run_address>
         <size>0x34</size>
         <input_file_ref idref="fl-d6"/>
      </object_component>
      <object_component id="oc-1bd">
         <name>.text:HAL_LCD_PortInit</name>
         <load_address>0x3360</load_address>
         <run_address>0x3360</run_address>
         <size>0x30</size>
         <input_file_ref idref="fl-5"/>
      </object_component>
      <object_component id="oc-367">
         <name>.text</name>
         <load_address>0x3390</load_address>
         <run_address>0x3390</run_address>
         <size>0x2e</size>
         <input_file_ref idref="fl-dd"/>
      </object_component>
      <object_component id="oc-239">
         <name>.text:Crystalfontz128x128_ClearScreen</name>
         <load_address>0x33c0</load_address>
         <run_address>0x33c0</run_address>
         <size>0x2c</size>
         <input_file_ref idref="fl-4"/>
      </object_component>
      <object_component id="oc-2c8">
         <name>.text:Graphics_drawPixelOnDisplay</name>
         <load_address>0x33ec</load_address>
         <run_address>0x33ec</run_address>
         <size>0x2c</size>
         <input_file_ref idref="fl-13"/>
      </object_component>
      <object_component id="oc-1db">
         <name>.text:HAL_LCD_writeData</name>
         <load_address>0x3418</load_address>
         <run_address>0x3418</run_address>
         <size>0x2c</size>
         <input_file_ref idref="fl-5"/>
      </object_component>
      <object_component id="oc-b6">
         <name>.text:ADC14_getResult</name>
         <load_address>0x3444</load_address>
         <run_address>0x3444</run_address>
         <size>0x28</size>
         <input_file_ref idref="fl-17"/>
      </object_component>
      <object_component id="oc-22d">
         <name>.text:Crystalfontz128x128_ColorTranslate</name>
         <load_address>0x346c</load_address>
         <run_address>0x346c</run_address>
         <size>0x28</size>
         <input_file_ref idref="fl-4"/>
      </object_component>
      <object_component id="oc-1cf">
         <name>.text:GPIO_setOutputHighOnPin</name>
         <load_address>0x3494</load_address>
         <run_address>0x3494</run_address>
         <size>0x28</size>
         <input_file_ref idref="fl-18"/>
      </object_component>
      <object_component id="oc-1c9">
         <name>.text:GPIO_setOutputLowOnPin</name>
         <load_address>0x34bc</load_address>
         <run_address>0x34bc</run_address>
         <size>0x28</size>
         <input_file_ref idref="fl-18"/>
      </object_component>
      <object_component id="oc-2e4">
         <name>.text:SPI_enableModule</name>
         <load_address>0x34e4</load_address>
         <run_address>0x34e4</run_address>
         <size>0x1c</size>
         <input_file_ref idref="fl-1a"/>
      </object_component>
      <object_component id="oc-40">
         <name>.text:decompress:ZI:__TI_zero_init_nomemset:__TI_zero_init_nomemset</name>
         <load_address>0x3500</load_address>
         <run_address>0x3500</run_address>
         <size>0x1c</size>
         <input_file_ref idref="fl-d3"/>
      </object_component>
      <object_component id="oc-299">
         <name>.text:memccpy</name>
         <load_address>0x351c</load_address>
         <run_address>0x351c</run_address>
         <size>0x1c</size>
         <input_file_ref idref="fl-e9"/>
      </object_component>
      <object_component id="oc-1fd">
         <name>.text:Graphics_clearDisplayOnDisplay</name>
         <load_address>0x3538</load_address>
         <run_address>0x3538</run_address>
         <size>0x1a</size>
         <input_file_ref idref="fl-13"/>
      </object_component>
      <object_component id="oc-108">
         <name>.text:Graphics_setBackgroundColor</name>
         <load_address>0x3552</load_address>
         <run_address>0x3552</run_address>
         <size>0x1a</size>
         <input_file_ref idref="fl-12"/>
      </object_component>
      <object_component id="oc-10e">
         <name>.text:Graphics_setFont</name>
         <load_address>0x356c</load_address>
         <run_address>0x356c</run_address>
         <size>0x1a</size>
         <input_file_ref idref="fl-12"/>
      </object_component>
      <object_component id="oc-418">
         <name>.text:copysign</name>
         <load_address>0x3586</load_address>
         <run_address>0x3586</run_address>
         <size>0x1a</size>
         <input_file_ref idref="fl-f1"/>
      </object_component>
      <object_component id="oc-184">
         <name>.text:_outs</name>
         <load_address>0x35a0</load_address>
         <run_address>0x35a0</run_address>
         <size>0x18</size>
         <input_file_ref idref="fl-d1"/>
      </object_component>
      <object_component id="oc-3d2">
         <name>.text:EUSCI_A_SPI_enable</name>
         <load_address>0x35b8</load_address>
         <run_address>0x35b8</run_address>
         <size>0x16</size>
         <input_file_ref idref="fl-1a"/>
      </object_component>
      <object_component id="oc-3d8">
         <name>.text:EUSCI_B_SPI_enable</name>
         <load_address>0x35ce</load_address>
         <run_address>0x35ce</run_address>
         <size>0x16</size>
         <input_file_ref idref="fl-1a"/>
      </object_component>
      <object_component id="oc-102">
         <name>.text:Graphics_setForegroundColor</name>
         <load_address>0x35e4</load_address>
         <run_address>0x35e4</run_address>
         <size>0x16</size>
         <input_file_ref idref="fl-12"/>
      </object_component>
      <object_component id="oc-1f4">
         <name>.text:Graphics_translateColorOnDisplay</name>
         <load_address>0x35fa</load_address>
         <run_address>0x35fa</run_address>
         <size>0x16</size>
         <input_file_ref idref="fl-13"/>
      </object_component>
      <object_component id="oc-398">
         <name>.text:strchr</name>
         <load_address>0x3610</load_address>
         <run_address>0x3610</run_address>
         <size>0x16</size>
         <input_file_ref idref="fl-ea"/>
      </object_component>
      <object_component id="oc-26a">
         <name>.text:strlen</name>
         <load_address>0x3626</load_address>
         <run_address>0x3626</run_address>
         <size>0x14</size>
         <input_file_ref idref="fl-eb"/>
      </object_component>
      <object_component id="oc-114">
         <name>.text:Graphics_clearDisplay</name>
         <load_address>0x363a</load_address>
         <run_address>0x363a</run_address>
         <size>0x12</size>
         <input_file_ref idref="fl-12"/>
      </object_component>
      <object_component id="oc-29f">
         <name>.text:wcslen</name>
         <load_address>0x364c</load_address>
         <run_address>0x364c</run_address>
         <size>0x12</size>
         <input_file_ref idref="fl-ed"/>
      </object_component>
      <object_component id="oc-204">
         <name>.text:ADCIsConversionRunning</name>
         <load_address>0x3660</load_address>
         <run_address>0x3660</run_address>
         <size>0x10</size>
         <input_file_ref idref="fl-17"/>
      </object_component>
      <object_component id="oc-1a">
         <name>.text:decompress:none:__TI_decompress_none</name>
         <load_address>0x3670</load_address>
         <run_address>0x3670</run_address>
         <size>0xe</size>
         <input_file_ref idref="fl-d4"/>
      </object_component>
      <object_component id="oc-64">
         <name>.text:Reset_Handler</name>
         <load_address>0x367e</load_address>
         <run_address>0x367e</run_address>
         <size>0xc</size>
         <input_file_ref idref="fl-6"/>
      </object_component>
      <object_component id="oc-233">
         <name>.text:Crystalfontz128x128_Flush</name>
         <load_address>0x368a</load_address>
         <run_address>0x368a</run_address>
         <size>0xa</size>
         <input_file_ref idref="fl-4"/>
      </object_component>
      <object_component id="oc-18a">
         <name>.text:_outc</name>
         <load_address>0x3694</load_address>
         <run_address>0x3694</run_address>
         <size>0xa</size>
         <input_file_ref idref="fl-d1"/>
      </object_component>
      <object_component id="oc-2a5">
         <name>.text:__aeabi_errno_addr</name>
         <load_address>0x36a0</load_address>
         <run_address>0x36a0</run_address>
         <size>0x8</size>
         <input_file_ref idref="fl-ec"/>
      </object_component>
      <object_component id="oc-96">
         <name>.text:_system_pre_init</name>
         <load_address>0x36a8</load_address>
         <run_address>0x36a8</run_address>
         <size>0x4</size>
         <input_file_ref idref="fl-e1"/>
      </object_component>
      <object_component id="oc-130">
         <name>.text:abort:abort</name>
         <load_address>0x36ac</load_address>
         <run_address>0x36ac</run_address>
         <size>0x4</size>
         <input_file_ref idref="fl-e3"/>
      </object_component>
      <object_component id="oc-241">
         <name>.const:.string:g_pucFontFixed6x8Data</name>
         <load_address>0x36b0</load_address>
         <run_address>0x36b0</run_address>
         <size>0x2f8</size>
         <input_file_ref idref="fl-14"/>
      </object_component>
      <object_component id="oc-341">
         <name>.const:.string:_ctypes_</name>
         <load_address>0x39a8</load_address>
         <run_address>0x39a8</run_address>
         <size>0x101</size>
         <input_file_ref idref="fl-e7"/>
      </object_component>
      <object_component id="oc-12c">
         <name>.const:g_sFontFixed6x8</name>
         <load_address>0x3aac</load_address>
         <run_address>0x3aac</run_address>
         <size>0xc8</size>
         <input_file_ref idref="fl-14"/>
      </object_component>
      <object_component id="oc-175">
         <name>.const:_ctlRegs</name>
         <load_address>0x3b74</load_address>
         <run_address>0x3b74</run_address>
         <size>0x80</size>
         <input_file_ref idref="fl-17"/>
      </object_component>
      <object_component id="oc-2f3">
         <name>.const:GPIO_PORT_TO_BASE</name>
         <load_address>0x3bf4</load_address>
         <run_address>0x3bf4</run_address>
         <size>0x30</size>
         <input_file_ref idref="fl-18"/>
      </object_component>
      <object_component id="oc-129">
         <name>.const:g_sCrystalfontz128x128_funcs</name>
         <load_address>0x3c24</load_address>
         <run_address>0x3c24</run_address>
         <size>0x20</size>
         <input_file_ref idref="fl-4"/>
      </object_component>
      <object_component id="oc-2ea">
         <name>.const:$P$T0$1</name>
         <load_address>0x3c44</load_address>
         <run_address>0x3c44</run_address>
         <size>0x1c</size>
         <input_file_ref idref="fl-5"/>
      </object_component>
      <object_component id="oc-316">
         <name>.const:$P$T0$1</name>
         <load_address>0x3c60</load_address>
         <run_address>0x3c60</run_address>
         <size>0x8</size>
         <input_file_ref idref="fl-4"/>
      </object_component>
      <object_component id="oc-480">
         <name>.cinit..data.load</name>
         <load_address>0x3c68</load_address>
         <run_address>0x3c68</run_address>
         <size>0xd</size>
      </object_component>
      <object_component id="oc-47e">
         <name>__TI_handler_table</name>
         <load_address>0x3c78</load_address>
         <run_address>0x3c78</run_address>
         <size>0xc</size>
      </object_component>
      <object_component id="oc-481">
         <name>.cinit..bss.load</name>
         <load_address>0x3c88</load_address>
         <run_address>0x3c88</run_address>
         <size>0x8</size>
      </object_component>
      <object_component id="oc-47f">
         <name>__TI_cinit_table</name>
         <load_address>0x3c90</load_address>
         <run_address>0x3c90</run_address>
         <size>0x10</size>
      </object_component>
      <object_component id="oc-453">
         <name>.binit</name>
         <load_address>0x0</load_address>
         <run_address>0x0</run_address>
         <size>0x0</size>
      </object_component>
      <object_component id="oc-126">
         <name>.data:g_sCrystalfontz128x128</name>
         <load_address>0x2000002c</load_address>
         <run_address>0x2000002c</run_address>
         <size>0x10</size>
         <input_file_ref idref="fl-4"/>
      </object_component>
      <object_component id="oc-3a8">
         <name>.data</name>
         <load_address>0x2000003c</load_address>
         <run_address>0x2000003c</run_address>
         <size>0x4</size>
         <input_file_ref idref="fl-ec"/>
      </object_component>
      <object_component id="oc-c8">
         <name>.bss:resultsBuffer</name>
         <uninitialized>true</uninitialized>
         <run_address>0x2000001c</run_address>
         <size>0x4</size>
         <input_file_ref idref="fl-2"/>
      </object_component>
      <object_component id="oc-cb">
         <name>.common:g_sContext</name>
         <uninitialized>true</uninitialized>
         <run_address>0x20000000</run_address>
         <size>0x1c</size>
      </object_component>
      <object_component id="oc-1f0">
         <name>.common:Lcd_Orientation</name>
         <uninitialized>true</uninitialized>
         <run_address>0x20000028</run_address>
         <size>0x1</size>
      </object_component>
      <object_component id="oc-1e7">
         <name>.common:Lcd_ScreenWidth</name>
         <uninitialized>true</uninitialized>
         <run_address>0x20000022</run_address>
         <size>0x2</size>
      </object_component>
      <object_component id="oc-1ea">
         <name>.common:Lcd_ScreenHeigth</name>
         <uninitialized>true</uninitialized>
         <run_address>0x20000020</run_address>
         <size>0x2</size>
      </object_component>
      <object_component id="oc-1eb">
         <name>.common:Lcd_PenSolid</name>
         <uninitialized>true</uninitialized>
         <run_address>0x20000029</run_address>
         <size>0x1</size>
      </object_component>
      <object_component id="oc-1ec">
         <name>.common:Lcd_FontSolid</name>
         <uninitialized>true</uninitialized>
         <run_address>0x20000027</run_address>
         <size>0x1</size>
      </object_component>
      <object_component id="oc-1ed">
         <name>.common:Lcd_FlagRead</name>
         <uninitialized>true</uninitialized>
         <run_address>0x20000026</run_address>
         <size>0x1</size>
      </object_component>
      <object_component id="oc-1ee">
         <name>.common:Lcd_TouchTrim</name>
         <uninitialized>true</uninitialized>
         <run_address>0x20000024</run_address>
         <size>0x2</size>
      </object_component>
      <object_component id="oc-26">
         <name>.stack</name>
         <uninitialized>true</uninitialized>
         <run_address>0x2000fe00</run_address>
         <size>0x4</size>
         <input_file_ref idref="fl-d6"/>
      </object_component>
      <object_component id="oc-482">
         <name>.stack</name>
         <uninitialized>true</uninitialized>
         <run_address>0x2000fe00</run_address>
         <size>0x0</size>
      </object_component>
      <object_component id="oc-cc">
         <name>.debug_info</name>
         <load_address>0x0</load_address>
         <run_address>0x0</run_address>
         <size>0xb40</size>
         <input_file_ref idref="fl-2"/>
      </object_component>
      <object_component id="oc-c9">
         <name>.debug_info</name>
         <load_address>0xb40</load_address>
         <run_address>0xb40</run_address>
         <size>0x10b</size>
         <input_file_ref idref="fl-2"/>
      </object_component>
      <object_component id="oc-a0">
         <name>.debug_info</name>
         <load_address>0xc4b</load_address>
         <run_address>0xc4b</run_address>
         <size>0x324</size>
         <input_file_ref idref="fl-2"/>
      </object_component>
      <object_component id="oc-74">
         <name>.debug_info</name>
         <load_address>0xf6f</load_address>
         <run_address>0xf6f</run_address>
         <size>0x264</size>
         <input_file_ref idref="fl-2"/>
      </object_component>
      <object_component id="oc-db">
         <name>.debug_info</name>
         <load_address>0x11d3</load_address>
         <run_address>0x11d3</run_address>
         <size>0x26b</size>
         <input_file_ref idref="fl-2"/>
      </object_component>
      <object_component id="oc-1ae">
         <name>.debug_info</name>
         <load_address>0x143e</load_address>
         <run_address>0x143e</run_address>
         <size>0x1028</size>
         <input_file_ref idref="fl-2"/>
      </object_component>
      <object_component id="oc-1a9">
         <name>.debug_info</name>
         <load_address>0x2466</load_address>
         <run_address>0x2466</run_address>
         <size>0x37e2</size>
         <input_file_ref idref="fl-2"/>
      </object_component>
      <object_component id="oc-1b3">
         <name>.debug_info</name>
         <load_address>0x5c48</load_address>
         <run_address>0x5c48</run_address>
         <size>0x439</size>
         <input_file_ref idref="fl-2"/>
      </object_component>
      <object_component id="oc-d4">
         <name>.debug_info</name>
         <load_address>0x6081</load_address>
         <run_address>0x6081</run_address>
         <size>0x8b</size>
         <input_file_ref idref="fl-2"/>
      </object_component>
      <object_component id="oc-1b8">
         <name>.debug_info</name>
         <load_address>0x610c</load_address>
         <run_address>0x610c</run_address>
         <size>0x297</size>
         <input_file_ref idref="fl-2"/>
      </object_component>
      <object_component id="oc-179">
         <name>.debug_info</name>
         <load_address>0x63a3</load_address>
         <run_address>0x63a3</run_address>
         <size>0xef</size>
         <input_file_ref idref="fl-2"/>
      </object_component>
      <object_component id="oc-cf">
         <name>.debug_info</name>
         <load_address>0x6492</load_address>
         <run_address>0x6492</run_address>
         <size>0xbb</size>
         <input_file_ref idref="fl-2"/>
      </object_component>
      <object_component id="oc-192">
         <name>.debug_info</name>
         <load_address>0x654d</load_address>
         <run_address>0x654d</run_address>
         <size>0x2c</size>
         <input_file_ref idref="fl-2"/>
      </object_component>
      <object_component id="oc-2ee">
         <name>.debug_info</name>
         <load_address>0x6579</load_address>
         <run_address>0x6579</run_address>
         <size>0x131</size>
         <input_file_ref idref="fl-2"/>
      </object_component>
      <object_component id="oc-af">
         <name>.debug_info</name>
         <load_address>0x66aa</load_address>
         <run_address>0x66aa</run_address>
         <size>0x15d</size>
         <input_file_ref idref="fl-3"/>
      </object_component>
      <object_component id="oc-2f">
         <name>.debug_info</name>
         <load_address>0x6807</load_address>
         <run_address>0x6807</run_address>
         <size>0x84</size>
         <input_file_ref idref="fl-3"/>
      </object_component>
      <object_component id="oc-1e8">
         <name>.debug_info</name>
         <load_address>0x688b</load_address>
         <run_address>0x688b</run_address>
         <size>0x95b</size>
         <input_file_ref idref="fl-4"/>
      </object_component>
      <object_component id="oc-127">
         <name>.debug_info</name>
         <load_address>0x71e6</load_address>
         <run_address>0x71e6</run_address>
         <size>0x13f</size>
         <input_file_ref idref="fl-4"/>
      </object_component>
      <object_component id="oc-12a">
         <name>.debug_info</name>
         <load_address>0x7325</load_address>
         <run_address>0x7325</run_address>
         <size>0x14b</size>
         <input_file_ref idref="fl-4"/>
      </object_component>
      <object_component id="oc-317">
         <name>.debug_info</name>
         <load_address>0x7470</load_address>
         <run_address>0x7470</run_address>
         <size>0x120</size>
         <input_file_ref idref="fl-4"/>
      </object_component>
      <object_component id="oc-f1">
         <name>.debug_info</name>
         <load_address>0x7590</load_address>
         <run_address>0x7590</run_address>
         <size>0x412</size>
         <input_file_ref idref="fl-4"/>
      </object_component>
      <object_component id="oc-1e2">
         <name>.debug_info</name>
         <load_address>0x79a2</load_address>
         <run_address>0x79a2</run_address>
         <size>0x31e</size>
         <input_file_ref idref="fl-4"/>
      </object_component>
      <object_component id="oc-f7">
         <name>.debug_info</name>
         <load_address>0x7cc0</load_address>
         <run_address>0x7cc0</run_address>
         <size>0x27a</size>
         <input_file_ref idref="fl-4"/>
      </object_component>
      <object_component id="oc-210">
         <name>.debug_info</name>
         <load_address>0x7f3a</load_address>
         <run_address>0x7f3a</run_address>
         <size>0x2bf</size>
         <input_file_ref idref="fl-4"/>
      </object_component>
      <object_component id="oc-217">
         <name>.debug_info</name>
         <load_address>0x81f9</load_address>
         <run_address>0x81f9</run_address>
         <size>0x422</size>
         <input_file_ref idref="fl-4"/>
      </object_component>
      <object_component id="oc-21c">
         <name>.debug_info</name>
         <load_address>0x861b</load_address>
         <run_address>0x861b</run_address>
         <size>0x2da</size>
         <input_file_ref idref="fl-4"/>
      </object_component>
      <object_component id="oc-222">
         <name>.debug_info</name>
         <load_address>0x88f5</load_address>
         <run_address>0x88f5</run_address>
         <size>0x2da</size>
         <input_file_ref idref="fl-4"/>
      </object_component>
      <object_component id="oc-228">
         <name>.debug_info</name>
         <load_address>0x8bcf</load_address>
         <run_address>0x8bcf</run_address>
         <size>0x30b</size>
         <input_file_ref idref="fl-4"/>
      </object_component>
      <object_component id="oc-22f">
         <name>.debug_info</name>
         <load_address>0x8eda</load_address>
         <run_address>0x8eda</run_address>
         <size>0x228</size>
         <input_file_ref idref="fl-4"/>
      </object_component>
      <object_component id="oc-235">
         <name>.debug_info</name>
         <load_address>0x9102</load_address>
         <run_address>0x9102</run_address>
         <size>0x1e3</size>
         <input_file_ref idref="fl-4"/>
      </object_component>
      <object_component id="oc-23a">
         <name>.debug_info</name>
         <load_address>0x92e5</load_address>
         <run_address>0x92e5</run_address>
         <size>0x253</size>
         <input_file_ref idref="fl-4"/>
      </object_component>
      <object_component id="oc-2fd">
         <name>.debug_info</name>
         <load_address>0x9538</load_address>
         <run_address>0x9538</run_address>
         <size>0x37e2</size>
         <input_file_ref idref="fl-4"/>
      </object_component>
      <object_component id="oc-3e1">
         <name>.debug_info</name>
         <load_address>0xcd1a</load_address>
         <run_address>0xcd1a</run_address>
         <size>0x8a1</size>
         <input_file_ref idref="fl-5"/>
      </object_component>
      <object_component id="oc-2eb">
         <name>.debug_info</name>
         <load_address>0xd5bb</load_address>
         <run_address>0xd5bb</run_address>
         <size>0x133</size>
         <input_file_ref idref="fl-5"/>
      </object_component>
      <object_component id="oc-1be">
         <name>.debug_info</name>
         <load_address>0xd6ee</load_address>
         <run_address>0xd6ee</run_address>
         <size>0x28a</size>
         <input_file_ref idref="fl-5"/>
      </object_component>
      <object_component id="oc-1c4">
         <name>.debug_info</name>
         <load_address>0xd978</load_address>
         <run_address>0xd978</run_address>
         <size>0x253</size>
         <input_file_ref idref="fl-5"/>
      </object_component>
      <object_component id="oc-1d6">
         <name>.debug_info</name>
         <load_address>0xdbcb</load_address>
         <run_address>0xdbcb</run_address>
         <size>0x24a</size>
         <input_file_ref idref="fl-5"/>
      </object_component>
      <object_component id="oc-1dc">
         <name>.debug_info</name>
         <load_address>0xde15</load_address>
         <run_address>0xde15</run_address>
         <size>0x1fd</size>
         <input_file_ref idref="fl-5"/>
      </object_component>
      <object_component id="oc-78">
         <name>.debug_info</name>
         <load_address>0xe012</load_address>
         <run_address>0xe012</run_address>
         <size>0x2fd</size>
         <input_file_ref idref="fl-6"/>
      </object_component>
      <object_component id="oc-24">
         <name>.debug_info</name>
         <load_address>0xe30f</load_address>
         <run_address>0xe30f</run_address>
         <size>0x129</size>
         <input_file_ref idref="fl-6"/>
      </object_component>
      <object_component id="oc-65">
         <name>.debug_info</name>
         <load_address>0xe438</load_address>
         <run_address>0xe438</run_address>
         <size>0x18c</size>
         <input_file_ref idref="fl-6"/>
      </object_component>
      <object_component id="oc-6b">
         <name>.debug_info</name>
         <load_address>0xe5c4</load_address>
         <run_address>0xe5c4</run_address>
         <size>0x174</size>
         <input_file_ref idref="fl-6"/>
      </object_component>
      <object_component id="oc-1f3">
         <name>.debug_info</name>
         <load_address>0xe738</load_address>
         <run_address>0xe738</run_address>
         <size>0x561</size>
         <input_file_ref idref="fl-12"/>
      </object_component>
      <object_component id="oc-fe">
         <name>.debug_info</name>
         <load_address>0xec99</load_address>
         <run_address>0xec99</run_address>
         <size>0x1ef</size>
         <input_file_ref idref="fl-12"/>
      </object_component>
      <object_component id="oc-10a">
         <name>.debug_info</name>
         <load_address>0xee88</load_address>
         <run_address>0xee88</run_address>
         <size>0x203</size>
         <input_file_ref idref="fl-12"/>
      </object_component>
      <object_component id="oc-110">
         <name>.debug_info</name>
         <load_address>0xf08b</load_address>
         <run_address>0xf08b</run_address>
         <size>0x1d0</size>
         <input_file_ref idref="fl-12"/>
      </object_component>
      <object_component id="oc-104">
         <name>.debug_info</name>
         <load_address>0xf25b</load_address>
         <run_address>0xf25b</run_address>
         <size>0x1f6</size>
         <input_file_ref idref="fl-12"/>
      </object_component>
      <object_component id="oc-116">
         <name>.debug_info</name>
         <load_address>0xf451</load_address>
         <run_address>0xf451</run_address>
         <size>0x1c3</size>
         <input_file_ref idref="fl-12"/>
      </object_component>
      <object_component id="oc-305">
         <name>.debug_info</name>
         <load_address>0xf614</load_address>
         <run_address>0xf614</run_address>
         <size>0x3fb</size>
         <input_file_ref idref="fl-13"/>
      </object_component>
      <object_component id="oc-2cc">
         <name>.debug_info</name>
         <load_address>0xfa0f</load_address>
         <run_address>0xfa0f</run_address>
         <size>0x203</size>
         <input_file_ref idref="fl-13"/>
      </object_component>
      <object_component id="oc-3c3">
         <name>.debug_info</name>
         <load_address>0xfc12</load_address>
         <run_address>0xfc12</run_address>
         <size>0x221</size>
         <input_file_ref idref="fl-13"/>
      </object_component>
      <object_component id="oc-1f8">
         <name>.debug_info</name>
         <load_address>0xfe33</load_address>
         <run_address>0xfe33</run_address>
         <size>0x1e3</size>
         <input_file_ref idref="fl-13"/>
      </object_component>
      <object_component id="oc-201">
         <name>.debug_info</name>
         <load_address>0x10016</load_address>
         <run_address>0x10016</run_address>
         <size>0x1db</size>
         <input_file_ref idref="fl-13"/>
      </object_component>
      <object_component id="oc-246">
         <name>.debug_info</name>
         <load_address>0x101f1</load_address>
         <run_address>0x101f1</run_address>
         <size>0x27c</size>
         <input_file_ref idref="fl-14"/>
      </object_component>
      <object_component id="oc-242">
         <name>.debug_info</name>
         <load_address>0x1046d</load_address>
         <run_address>0x1046d</run_address>
         <size>0x13a</size>
         <input_file_ref idref="fl-14"/>
      </object_component>
      <object_component id="oc-12d">
         <name>.debug_info</name>
         <load_address>0x105a7</load_address>
         <run_address>0x105a7</run_address>
         <size>0x12f</size>
         <input_file_ref idref="fl-14"/>
      </object_component>
      <object_component id="oc-1a4">
         <name>.debug_info</name>
         <load_address>0x106d6</load_address>
         <run_address>0x106d6</run_address>
         <size>0x4ba</size>
         <input_file_ref idref="fl-15"/>
      </object_component>
      <object_component id="oc-2bf">
         <name>.debug_info</name>
         <load_address>0x10b90</load_address>
         <run_address>0x10b90</run_address>
         <size>0x1c5</size>
         <input_file_ref idref="fl-15"/>
      </object_component>
      <object_component id="oc-19a">
         <name>.debug_info</name>
         <load_address>0x10d55</load_address>
         <run_address>0x10d55</run_address>
         <size>0x28e</size>
         <input_file_ref idref="fl-15"/>
      </object_component>
      <object_component id="oc-1a0">
         <name>.debug_info</name>
         <load_address>0x10fe3</load_address>
         <run_address>0x10fe3</run_address>
         <size>0x42a</size>
         <input_file_ref idref="fl-15"/>
      </object_component>
      <object_component id="oc-c4">
         <name>.debug_info</name>
         <load_address>0x1140d</load_address>
         <run_address>0x1140d</run_address>
         <size>0x26e</size>
         <input_file_ref idref="fl-15"/>
      </object_component>
      <object_component id="oc-3c6">
         <name>.debug_info</name>
         <load_address>0x1167b</load_address>
         <run_address>0x1167b</run_address>
         <size>0x53b</size>
         <input_file_ref idref="fl-16"/>
      </object_component>
      <object_component id="oc-2c4">
         <name>.debug_info</name>
         <load_address>0x11bb6</load_address>
         <run_address>0x11bb6</run_address>
         <size>0x216</size>
         <input_file_ref idref="fl-16"/>
      </object_component>
      <object_component id="oc-20c">
         <name>.debug_info</name>
         <load_address>0x11dcc</load_address>
         <run_address>0x11dcc</run_address>
         <size>0x706</size>
         <input_file_ref idref="fl-17"/>
      </object_component>
      <object_component id="oc-176">
         <name>.debug_info</name>
         <load_address>0x124d2</load_address>
         <run_address>0x124d2</run_address>
         <size>0x124</size>
         <input_file_ref idref="fl-17"/>
      </object_component>
      <object_component id="oc-172">
         <name>.debug_info</name>
         <load_address>0x125f6</load_address>
         <run_address>0x125f6</run_address>
         <size>0x1d9</size>
         <input_file_ref idref="fl-17"/>
      </object_component>
      <object_component id="oc-206">
         <name>.debug_info</name>
         <load_address>0x127cf</load_address>
         <run_address>0x127cf</run_address>
         <size>0x1b8</size>
         <input_file_ref idref="fl-17"/>
      </object_component>
      <object_component id="oc-11d">
         <name>.debug_info</name>
         <load_address>0x12987</load_address>
         <run_address>0x12987</run_address>
         <size>0x308</size>
         <input_file_ref idref="fl-17"/>
      </object_component>
      <object_component id="oc-123">
         <name>.debug_info</name>
         <load_address>0x12c8f</load_address>
         <run_address>0x12c8f</run_address>
         <size>0x38b</size>
         <input_file_ref idref="fl-17"/>
      </object_component>
      <object_component id="oc-b9">
         <name>.debug_info</name>
         <load_address>0x1301a</load_address>
         <run_address>0x1301a</run_address>
         <size>0x22f</size>
         <input_file_ref idref="fl-17"/>
      </object_component>
      <object_component id="oc-30a">
         <name>.debug_info</name>
         <load_address>0x13249</load_address>
         <run_address>0x13249</run_address>
         <size>0x431a</size>
         <input_file_ref idref="fl-17"/>
      </object_component>
      <object_component id="oc-3e4">
         <name>.debug_info</name>
         <load_address>0x17563</load_address>
         <run_address>0x17563</run_address>
         <size>0x701</size>
         <input_file_ref idref="fl-18"/>
      </object_component>
      <object_component id="oc-2f4">
         <name>.debug_info</name>
         <load_address>0x17c64</load_address>
         <run_address>0x17c64</run_address>
         <size>0x135</size>
         <input_file_ref idref="fl-18"/>
      </object_component>
      <object_component id="oc-2d8">
         <name>.debug_info</name>
         <load_address>0x17d99</load_address>
         <run_address>0x17d99</run_address>
         <size>0x252</size>
         <input_file_ref idref="fl-18"/>
      </object_component>
      <object_component id="oc-2d2">
         <name>.debug_info</name>
         <load_address>0x17feb</load_address>
         <run_address>0x17feb</run_address>
         <size>0x2a5</size>
         <input_file_ref idref="fl-18"/>
      </object_component>
      <object_component id="oc-1d0">
         <name>.debug_info</name>
         <load_address>0x18290</load_address>
         <run_address>0x18290</run_address>
         <size>0x25a</size>
         <input_file_ref idref="fl-18"/>
      </object_component>
      <object_component id="oc-1ca">
         <name>.debug_info</name>
         <load_address>0x184ea</load_address>
         <run_address>0x184ea</run_address>
         <size>0x258</size>
         <input_file_ref idref="fl-18"/>
      </object_component>
      <object_component id="oc-3d1">
         <name>.debug_info</name>
         <load_address>0x18742</load_address>
         <run_address>0x18742</run_address>
         <size>0x6f5</size>
         <input_file_ref idref="fl-1a"/>
      </object_component>
      <object_component id="oc-3cc">
         <name>.debug_info</name>
         <load_address>0x18e37</load_address>
         <run_address>0x18e37</run_address>
         <size>0x1c7</size>
         <input_file_ref idref="fl-1a"/>
      </object_component>
      <object_component id="oc-2e0">
         <name>.debug_info</name>
         <load_address>0x18ffe</load_address>
         <run_address>0x18ffe</run_address>
         <size>0x22b</size>
         <input_file_ref idref="fl-1a"/>
      </object_component>
      <object_component id="oc-2e6">
         <name>.debug_info</name>
         <load_address>0x19229</load_address>
         <run_address>0x19229</run_address>
         <size>0x235</size>
         <input_file_ref idref="fl-1a"/>
      </object_component>
      <object_component id="oc-3da">
         <name>.debug_info</name>
         <load_address>0x1945e</load_address>
         <run_address>0x1945e</run_address>
         <size>0x1e9</size>
         <input_file_ref idref="fl-1a"/>
      </object_component>
      <object_component id="oc-3d4">
         <name>.debug_info</name>
         <load_address>0x19647</load_address>
         <run_address>0x19647</run_address>
         <size>0x1e9</size>
         <input_file_ref idref="fl-1a"/>
      </object_component>
      <object_component id="oc-191">
         <name>.debug_info</name>
         <load_address>0x19830</load_address>
         <run_address>0x19830</run_address>
         <size>0x332</size>
         <input_file_ref idref="fl-d1"/>
      </object_component>
      <object_component id="oc-bf">
         <name>.debug_info</name>
         <load_address>0x19b62</load_address>
         <run_address>0x19b62</run_address>
         <size>0x1d0</size>
         <input_file_ref idref="fl-d1"/>
      </object_component>
      <object_component id="oc-187">
         <name>.debug_info</name>
         <load_address>0x19d32</load_address>
         <run_address>0x19d32</run_address>
         <size>0x18c</size>
         <input_file_ref idref="fl-d1"/>
      </object_component>
      <object_component id="oc-18e">
         <name>.debug_info</name>
         <load_address>0x19ebe</load_address>
         <run_address>0x19ebe</run_address>
         <size>0x16c</size>
         <input_file_ref idref="fl-d1"/>
      </object_component>
      <object_component id="oc-3af">
         <name>.debug_info</name>
         <load_address>0x1a02a</load_address>
         <run_address>0x1a02a</run_address>
         <size>0x2c</size>
         <input_file_ref idref="fl-d1"/>
      </object_component>
      <object_component id="oc-35">
         <name>.debug_info</name>
         <load_address>0x1a056</load_address>
         <run_address>0x1a056</run_address>
         <size>0x118</size>
         <input_file_ref idref="fl-d2"/>
      </object_component>
      <object_component id="oc-8f">
         <name>.debug_info</name>
         <load_address>0x1a16e</load_address>
         <run_address>0x1a16e</run_address>
         <size>0x2d3</size>
         <input_file_ref idref="fl-d3"/>
      </object_component>
      <object_component id="oc-41">
         <name>.debug_info</name>
         <load_address>0x1a441</load_address>
         <run_address>0x1a441</run_address>
         <size>0x1d1</size>
         <input_file_ref idref="fl-d3"/>
      </object_component>
      <object_component id="oc-8a">
         <name>.debug_info</name>
         <load_address>0x1a612</load_address>
         <run_address>0x1a612</run_address>
         <size>0x46</size>
         <input_file_ref idref="fl-d3"/>
      </object_component>
      <object_component id="oc-e7">
         <name>.debug_info</name>
         <load_address>0x1a658</load_address>
         <run_address>0x1a658</run_address>
         <size>0x2c</size>
         <input_file_ref idref="fl-d3"/>
      </object_component>
      <object_component id="oc-3f">
         <name>.debug_info</name>
         <load_address>0x1a684</load_address>
         <run_address>0x1a684</run_address>
         <size>0x2a7</size>
         <input_file_ref idref="fl-d4"/>
      </object_component>
      <object_component id="oc-1e">
         <name>.debug_info</name>
         <load_address>0x1a92b</load_address>
         <run_address>0x1a92b</run_address>
         <size>0x1e9</size>
         <input_file_ref idref="fl-d4"/>
      </object_component>
      <object_component id="oc-3a">
         <name>.debug_info</name>
         <load_address>0x1ab14</load_address>
         <run_address>0x1ab14</run_address>
         <size>0x46</size>
         <input_file_ref idref="fl-d4"/>
      </object_component>
      <object_component id="oc-82">
         <name>.debug_info</name>
         <load_address>0x1ab5a</load_address>
         <run_address>0x1ab5a</run_address>
         <size>0x2c</size>
         <input_file_ref idref="fl-d4"/>
      </object_component>
      <object_component id="oc-80">
         <name>.debug_info</name>
         <load_address>0x1ab86</load_address>
         <run_address>0x1ab86</run_address>
         <size>0x29d</size>
         <input_file_ref idref="fl-d5"/>
      </object_component>
      <object_component id="oc-16">
         <name>.debug_info</name>
         <load_address>0x1ae23</load_address>
         <run_address>0x1ae23</run_address>
         <size>0x24f</size>
         <input_file_ref idref="fl-d5"/>
      </object_component>
      <object_component id="oc-2a">
         <name>.debug_info</name>
         <load_address>0x1b072</load_address>
         <run_address>0x1b072</run_address>
         <size>0x60</size>
         <input_file_ref idref="fl-d5"/>
      </object_component>
      <object_component id="oc-e0">
         <name>.debug_info</name>
         <load_address>0x1b0d2</load_address>
         <run_address>0x1b0d2</run_address>
         <size>0x46</size>
         <input_file_ref idref="fl-d5"/>
      </object_component>
      <object_component id="oc-7b">
         <name>.debug_info</name>
         <load_address>0x1b118</load_address>
         <run_address>0x1b118</run_address>
         <size>0x39</size>
         <input_file_ref idref="fl-d5"/>
      </object_component>
      <object_component id="oc-27">
         <name>.debug_info</name>
         <load_address>0x1b151</load_address>
         <run_address>0x1b151</run_address>
         <size>0x10a</size>
         <input_file_ref idref="fl-d6"/>
      </object_component>
      <object_component id="oc-54">
         <name>.debug_info</name>
         <load_address>0x1b25b</load_address>
         <run_address>0x1b25b</run_address>
         <size>0x1a8</size>
         <input_file_ref idref="fl-d6"/>
      </object_component>
      <object_component id="oc-2ac">
         <name>.debug_info</name>
         <load_address>0x1b403</load_address>
         <run_address>0x1b403</run_address>
         <size>0x57a</size>
         <input_file_ref idref="fl-d7"/>
      </object_component>
      <object_component id="oc-277">
         <name>.debug_info</name>
         <load_address>0x1b97d</load_address>
         <run_address>0x1b97d</run_address>
         <size>0x21d</size>
         <input_file_ref idref="fl-d7"/>
      </object_component>
      <object_component id="oc-373">
         <name>.debug_info</name>
         <load_address>0x1bb9a</load_address>
         <run_address>0x1bb9a</run_address>
         <size>0x1b2</size>
         <input_file_ref idref="fl-d7"/>
      </object_component>
      <object_component id="oc-379">
         <name>.debug_info</name>
         <load_address>0x1bd4c</load_address>
         <run_address>0x1bd4c</run_address>
         <size>0x21a</size>
         <input_file_ref idref="fl-d7"/>
      </object_component>
      <object_component id="oc-282">
         <name>.debug_info</name>
         <load_address>0x1bf66</load_address>
         <run_address>0x1bf66</run_address>
         <size>0x3ba</size>
         <input_file_ref idref="fl-d7"/>
      </object_component>
      <object_component id="oc-380">
         <name>.debug_info</name>
         <load_address>0x1c320</load_address>
         <run_address>0x1c320</run_address>
         <size>0x304</size>
         <input_file_ref idref="fl-d7"/>
      </object_component>
      <object_component id="oc-386">
         <name>.debug_info</name>
         <load_address>0x1c624</load_address>
         <run_address>0x1c624</run_address>
         <size>0x214</size>
         <input_file_ref idref="fl-d7"/>
      </object_component>
      <object_component id="oc-288">
         <name>.debug_info</name>
         <load_address>0x1c838</load_address>
         <run_address>0x1c838</run_address>
         <size>0x214</size>
         <input_file_ref idref="fl-d7"/>
      </object_component>
      <object_component id="oc-28e">
         <name>.debug_info</name>
         <load_address>0x1ca4c</load_address>
         <run_address>0x1ca4c</run_address>
         <size>0x303</size>
         <input_file_ref idref="fl-d7"/>
      </object_component>
      <object_component id="oc-294">
         <name>.debug_info</name>
         <load_address>0x1cd4f</load_address>
         <run_address>0x1cd4f</run_address>
         <size>0x4af</size>
         <input_file_ref idref="fl-d7"/>
      </object_component>
      <object_component id="oc-180">
         <name>.debug_info</name>
         <load_address>0x1d1fe</load_address>
         <run_address>0x1d1fe</run_address>
         <size>0x5f3</size>
         <input_file_ref idref="fl-d7"/>
      </object_component>
      <object_component id="oc-2ad">
         <name>.debug_info</name>
         <load_address>0x1d7f1</load_address>
         <run_address>0x1d7f1</run_address>
         <size>0x86</size>
         <input_file_ref idref="fl-d7"/>
      </object_component>
      <object_component id="oc-3b4">
         <name>.debug_info</name>
         <load_address>0x1d877</load_address>
         <run_address>0x1d877</run_address>
         <size>0x39</size>
         <input_file_ref idref="fl-d7"/>
      </object_component>
      <object_component id="oc-42f">
         <name>.debug_info</name>
         <load_address>0x1d8b0</load_address>
         <run_address>0x1d8b0</run_address>
         <size>0xb6</size>
         <input_file_ref idref="fl-d7"/>
      </object_component>
      <object_component id="oc-3b9">
         <name>.debug_info</name>
         <load_address>0x1d966</load_address>
         <run_address>0x1d966</run_address>
         <size>0x46</size>
         <input_file_ref idref="fl-d7"/>
      </object_component>
      <object_component id="oc-2b2">
         <name>.debug_info</name>
         <load_address>0x1d9ac</load_address>
         <run_address>0x1d9ac</run_address>
         <size>0x46</size>
         <input_file_ref idref="fl-d7"/>
      </object_component>
      <object_component id="oc-36f">
         <name>.debug_info</name>
         <load_address>0x1d9f2</load_address>
         <run_address>0x1d9f2</run_address>
         <size>0x14b</size>
         <input_file_ref idref="fl-d8"/>
      </object_component>
      <object_component id="oc-27e">
         <name>.debug_info</name>
         <load_address>0x1db3d</load_address>
         <run_address>0x1db3d</run_address>
         <size>0x127</size>
         <input_file_ref idref="fl-d9"/>
      </object_component>
      <object_component id="oc-35a">
         <name>.debug_info</name>
         <load_address>0x1dc64</load_address>
         <run_address>0x1dc64</run_address>
         <size>0x129</size>
         <input_file_ref idref="fl-d9"/>
      </object_component>
      <object_component id="oc-355">
         <name>.debug_info</name>
         <load_address>0x1dd8d</load_address>
         <run_address>0x1dd8d</run_address>
         <size>0x139</size>
         <input_file_ref idref="fl-da"/>
      </object_component>
      <object_component id="oc-350">
         <name>.debug_info</name>
         <load_address>0x1dec6</load_address>
         <run_address>0x1dec6</run_address>
         <size>0x139</size>
         <input_file_ref idref="fl-db"/>
      </object_component>
      <object_component id="oc-35d">
         <name>.debug_info</name>
         <load_address>0x1dfff</load_address>
         <run_address>0x1dfff</run_address>
         <size>0x12d</size>
         <input_file_ref idref="fl-dc"/>
      </object_component>
      <object_component id="oc-36a">
         <name>.debug_info</name>
         <load_address>0x1e12c</load_address>
         <run_address>0x1e12c</run_address>
         <size>0x12b</size>
         <input_file_ref idref="fl-dd"/>
      </object_component>
      <object_component id="oc-348">
         <name>.debug_info</name>
         <load_address>0x1e257</load_address>
         <run_address>0x1e257</run_address>
         <size>0x133</size>
         <input_file_ref idref="fl-de"/>
      </object_component>
      <object_component id="oc-92">
         <name>.debug_info</name>
         <load_address>0x1e38a</load_address>
         <run_address>0x1e38a</run_address>
         <size>0x146</size>
         <input_file_ref idref="fl-df"/>
      </object_component>
      <object_component id="oc-252">
         <name>.debug_info</name>
         <load_address>0x1e4d0</load_address>
         <run_address>0x1e4d0</run_address>
         <size>0x4b2</size>
         <input_file_ref idref="fl-e0"/>
      </object_component>
      <object_component id="oc-13d">
         <name>.debug_info</name>
         <load_address>0x1e982</load_address>
         <run_address>0x1e982</run_address>
         <size>0x1a5</size>
         <input_file_ref idref="fl-e0"/>
      </object_component>
      <object_component id="oc-32e">
         <name>.debug_info</name>
         <load_address>0x1eb27</load_address>
         <run_address>0x1eb27</run_address>
         <size>0x39</size>
         <input_file_ref idref="fl-e0"/>
      </object_component>
      <object_component id="oc-3ec">
         <name>.debug_info</name>
         <load_address>0x1eb60</load_address>
         <run_address>0x1eb60</run_address>
         <size>0x39</size>
         <input_file_ref idref="fl-e0"/>
      </object_component>
      <object_component id="oc-333">
         <name>.debug_info</name>
         <load_address>0x1eb99</load_address>
         <run_address>0x1eb99</run_address>
         <size>0x39</size>
         <input_file_ref idref="fl-e0"/>
      </object_component>
      <object_component id="oc-338">
         <name>.debug_info</name>
         <load_address>0x1ebd2</load_address>
         <run_address>0x1ebd2</run_address>
         <size>0xcd</size>
         <input_file_ref idref="fl-e0"/>
      </object_component>
      <object_component id="oc-98">
         <name>.debug_info</name>
         <load_address>0x1ec9f</load_address>
         <run_address>0x1ec9f</run_address>
         <size>0x152</size>
         <input_file_ref idref="fl-e1"/>
      </object_component>
      <object_component id="oc-134">
         <name>.debug_info</name>
         <load_address>0x1edf1</load_address>
         <run_address>0x1edf1</run_address>
         <size>0x121</size>
         <input_file_ref idref="fl-e3"/>
      </object_component>
      <object_component id="oc-345">
         <name>.debug_info</name>
         <load_address>0x1ef12</load_address>
         <run_address>0x1ef12</run_address>
         <size>0x2b8</size>
         <input_file_ref idref="fl-e6"/>
      </object_component>
      <object_component id="oc-271">
         <name>.debug_info</name>
         <load_address>0x1f1ca</load_address>
         <run_address>0x1f1ca</run_address>
         <size>0x17b</size>
         <input_file_ref idref="fl-e6"/>
      </object_component>
      <object_component id="oc-3fc">
         <name>.debug_info</name>
         <load_address>0x1f345</load_address>
         <run_address>0x1f345</run_address>
         <size>0xf8</size>
         <input_file_ref idref="fl-e7"/>
      </object_component>
      <object_component id="oc-342">
         <name>.debug_info</name>
         <load_address>0x1f43d</load_address>
         <run_address>0x1f43d</run_address>
         <size>0x104</size>
         <input_file_ref idref="fl-e7"/>
      </object_component>
      <object_component id="oc-40a">
         <name>.debug_info</name>
         <load_address>0x1f541</load_address>
         <run_address>0x1f541</run_address>
         <size>0x29a</size>
         <input_file_ref idref="fl-e8"/>
      </object_component>
      <object_component id="oc-364">
         <name>.debug_info</name>
         <load_address>0x1f7db</load_address>
         <run_address>0x1f7db</run_address>
         <size>0x1cc</size>
         <input_file_ref idref="fl-e8"/>
      </object_component>
      <object_component id="oc-3a0">
         <name>.debug_info</name>
         <load_address>0x1f9a7</load_address>
         <run_address>0x1f9a7</run_address>
         <size>0x295</size>
         <input_file_ref idref="fl-e9"/>
      </object_component>
      <object_component id="oc-29a">
         <name>.debug_info</name>
         <load_address>0x1fc3c</load_address>
         <run_address>0x1fc3c</run_address>
         <size>0x1b5</size>
         <input_file_ref idref="fl-e9"/>
      </object_component>
      <object_component id="oc-421">
         <name>.debug_info</name>
         <load_address>0x1fdf1</load_address>
         <run_address>0x1fdf1</run_address>
         <size>0x299</size>
         <input_file_ref idref="fl-ea"/>
      </object_component>
      <object_component id="oc-39a">
         <name>.debug_info</name>
         <load_address>0x2008a</load_address>
         <run_address>0x2008a</run_address>
         <size>0x25d</size>
[...]
         <value>0x2e91</value>
         <object_component_ref idref="oc-f6"/>
      </symbol>
      <symbol id="sm-168">
         <name>g_sCrystalfontz128x128_funcs</name>
         <value>0x3c24</value>
         <object_component_ref idref="oc-129"/>
      </symbol>
      <symbol id="sm-169">
         <name>g_sCrystalfontz128x128</name>
         <value>0x2000002c</value>
         <object_component_ref idref="oc-126"/>
      </symbol>
      <symbol id="sm-16a">
         <name>Crystalfontz128x128_Init</name>
         <value>0x1e3d</value>
         <object_component_ref idref="oc-f0"/>
      </symbol>
      <symbol id="sm-1a3">
         <name>HAL_LCD_writeData</name>
         <value>0x3419</value>
         <object_component_ref idref="oc-1db"/>
      </symbol>
      <symbol id="sm-1a4">
         <name>HAL_LCD_SpiInit</name>
         <value>0x31bd</value>
         <object_component_ref idref="oc-1c3"/>
      </symbol>
      <symbol id="sm-1a5">
         <name>HAL_LCD_PortInit</name>
         <value>0x3361</value>
         <object_component_ref idref="oc-1bd"/>
      </symbol>
      <symbol id="sm-1a6">
         <name>HAL_LCD_writeCommand</name>
         <value>0x32bd</value>
         <object_component_ref idref="oc-1d5"/>
      </symbol>
      <symbol id="sm-1c2">
         <name>Reset_Handler</name>
         <value>0x367f</value>
         <object_component_ref idref="oc-64"/>
      </symbol>
      <symbol id="sm-1c3">
         <name>Default_Handler</name>
         <value>0x177f</value>
         <object_component_ref idref="oc-6a"/>
      </symbol>
      <symbol id="sm-1c4">
         <name>interruptVectors</name>
         <value>0x0</value>
         <object_component_ref idref="oc-23"/>
      </symbol>
      <symbol id="sm-1f1">
         <name>Graphics_setBackgroundColor</name>
         <value>0x3553</value>
         <object_component_ref idref="oc-108"/>
      </symbol>
      <symbol id="sm-1f2">
         <name>Graphics_setFont</name>
         <value>0x356d</value>
         <object_component_ref idref="oc-10e"/>
      </symbol>
      <symbol id="sm-1f3">
         <name>Graphics_initContext</name>
         <value>0x2f39</value>
         <object_component_ref idref="oc-fc"/>
      </symbol>
      <symbol id="sm-1f4">
         <name>Graphics_setForegroundColor</name>
         <value>0x35e5</value>
         <object_component_ref idref="oc-102"/>
      </symbol>
      <symbol id="sm-1f5">
         <name>Graphics_clearDisplay</name>
         <value>0x363b</value>
         <object_component_ref idref="oc-114"/>
      </symbol>
      <symbol id="sm-21a">
         <name>Graphics_clearDisplayOnDisplay</name>
         <value>0x3539</value>
         <object_component_ref idref="oc-1fd"/>
      </symbol>
      <symbol id="sm-21b">
         <name>Graphics_drawPixelOnDisplay</name>
         <value>0x33ed</value>
         <object_component_ref idref="oc-2c8"/>
      </symbol>
      <symbol id="sm-21c">
         <name>Graphics_translateColorOnDisplay</name>
         <value>0x35fb</value>
         <object_component_ref idref="oc-1f4"/>
      </symbol>
      <symbol id="sm-21d">
         <name>Graphics_drawHorizontalLineOnDisplay</name>
         <value>0x32f5</value>
         <object_component_ref idref="oc-3bf"/>
      </symbol>
      <symbol id="sm-22f">
         <name>g_sFontFixed6x8</name>
         <value>0x3aac</value>
         <object_component_ref idref="oc-12c"/>
      </symbol>
      <symbol id="sm-287">
         <name>Graphics_drawStringCentered</name>
         <value>0x3029</value>
         <object_component_ref idref="oc-c2"/>
      </symbol>
      <symbol id="sm-288">
         <name>Graphics_drawString</name>
         <value>0xb33</value>
         <object_component_ref idref="oc-19d"/>
      </symbol>
      <symbol id="sm-289">
         <name>Graphics_getStringWidth</name>
         <value>0x2299</value>
         <object_component_ref idref="oc-197"/>
      </symbol>
      <symbol id="sm-29c">
         <name>Graphics_drawLineH</name>
         <value>0x27e7</value>
         <object_component_ref idref="oc-2c2"/>
      </symbol>
      <symbol id="sm-31e">
         <name>ADC14_configureMultiSequenceMode</name>
         <value>0x2535</value>
         <object_component_ref idref="oc-11a"/>
      </symbol>
      <symbol id="sm-31f">
         <name>ADC14_configureConversionMemory</name>
         <value>0x2481</value>
         <object_component_ref idref="oc-120"/>
      </symbol>
      <symbol id="sm-320">
         <name>ADC14_getResult</name>
         <value>0x3445</value>
         <object_component_ref idref="oc-b6"/>
      </symbol>
      <symbol id="sm-359">
         <name>GPIO_setOutputHighOnPin</name>
         <value>0x3495</value>
         <object_component_ref idref="oc-1cf"/>
      </symbol>
      <symbol id="sm-35a">
         <name>GPIO_setAsOutputPin</name>
         <value>0x313d</value>
         <object_component_ref idref="oc-2d7"/>
      </symbol>
      <symbol id="sm-35b">
         <name>GPIO_setOutputLowOnPin</name>
         <value>0x34bd</value>
         <object_component_ref idref="oc-1c9"/>
      </symbol>
      <symbol id="sm-35c">
         <name>GPIO_setAsPeripheralModuleFunctionOutputPin</name>
         <value>0x29b5</value>
         <object_component_ref idref="oc-2d1"/>
      </symbol>
      <symbol id="sm-397">
         <name>EUSCI_B_SPI_enable</name>
         <value>0x35cf</value>
         <object_component_ref idref="oc-3d8"/>
      </symbol>
      <symbol id="sm-398">
         <name>SPI_enableModule</name>
         <value>0x34e5</value>
         <object_component_ref idref="oc-2e4"/>
      </symbol>
      <symbol id="sm-399">
         <name>EUSCI_A_SPI_enable</name>
         <value>0x35b9</value>
         <object_component_ref idref="oc-3d2"/>
      </symbol>
      <symbol id="sm-39a">
         <name>SPI_initMaster</name>
         <value>0x269b</value>
         <object_component_ref idref="oc-2de"/>
      </symbol>
      <symbol id="sm-3c2">
         <name>sprintf</name>
         <value>0x323d</value>
         <object_component_ref idref="oc-bc"/>
      </symbol>
      <symbol id="sm-3dd">
         <name>memcpy</name>
         <value>0x2883</value>
         <object_component_ref idref="oc-34"/>
      </symbol>
      <symbol id="sm-3de">
         <name>__aeabi_memcpy</name>
         <value>0x2883</value>
         <object_component_ref idref="oc-34"/>
      </symbol>
      <symbol id="sm-3df">
         <name>__aeabi_memcpy8</name>
         <value>0x2883</value>
         <object_component_ref idref="oc-34"/>
      </symbol>
      <symbol id="sm-3e0">
         <name>__aeabi_memcpy4</name>
         <value>0x2883</value>
         <object_component_ref idref="oc-34"/>
      </symbol>
      <symbol id="sm-3f9">
         <name>__TI_zero_init_nomemset</name>
         <value>0x3501</value>
         <object_component_ref idref="oc-40"/>
      </symbol>
      <symbol id="sm-410">
         <name>__TI_decompress_none</name>
         <value>0x3671</value>
         <object_component_ref idref="oc-1a"/>
      </symbol>
      <symbol id="sm-433">
         <name>__TI_decompress_lzss</name>
         <value>0x2cab</value>
         <object_component_ref idref="oc-14"/>
      </symbol>
      <symbol id="sm-446">
         <name>__stack</name>
         <value>0x2000fe00</value>
         <object_component_ref idref="oc-26"/>
      </symbol>
      <symbol id="sm-447">
         <name>_c_int00_noargs</name>
         <value>0x332d</value>
         <object_component_ref idref="oc-52"/>
      </symbol>
      <symbol id="sm-5ac">
         <name>__TI_printfi</name>
         <value>0xe5</value>
         <object_component_ref idref="oc-17e"/>
      </symbol>
      <symbol id="sm-5c3">
         <name>__aeabi_dsub</name>
         <value>0x15c9</value>
         <object_component_ref idref="oc-36c"/>
      </symbol>
      <symbol id="sm-5c4">
         <name>__aeabi_dadd</name>
         <value>0x15d3</value>
         <object_component_ref idref="oc-36c"/>
      </symbol>
      <symbol id="sm-5e6">
         <name>__aeabi_cdcmpeq</name>
         <value>0x2a3d</value>
         <object_component_ref idref="oc-27c"/>
      </symbol>
      <symbol id="sm-5e7">
         <name>__aeabi_cdcmple</name>
         <value>0x2a3d</value>
         <object_component_ref idref="oc-27c"/>
      </symbol>
      <symbol id="sm-5e8">
         <name>__aeabi_cdrcmple</name>
         <value>0x2ac3</value>
         <object_component_ref idref="oc-357"/>
      </symbol>
      <symbol id="sm-5fc">
         <name>__aeabi_ddiv</name>
         <value>0x1bd1</value>
         <object_component_ref idref="oc-352"/>
      </symbol>
      <symbol id="sm-607">
         <name>__aeabi_dmul</name>
         <value>0x219d</value>
         <object_component_ref idref="oc-34d"/>
      </symbol>
      <symbol id="sm-611">
         <name>__aeabi_d2iz</name>
         <value>0x3071</value>
         <object_component_ref idref="oc-35c"/>
      </symbol>
      <symbol id="sm-61b">
         <name>__aeabi_i2d</name>
         <value>0x3391</value>
         <object_component_ref idref="oc-367"/>
      </symbol>
      <symbol id="sm-628">
         <name>__aeabi_uldivmod</name>
         <value>0x291f</value>
         <object_component_ref idref="oc-346"/>
      </symbol>
      <symbol id="sm-637">
         <name>__aeabi_memset</name>
         <value>0x2b4b</value>
         <object_component_ref idref="oc-90"/>
      </symbol>
      <symbol id="sm-638">
         <name>memset</name>
         <value>0x2b51</value>
         <object_component_ref idref="oc-90"/>
      </symbol>
      <symbol id="sm-639">
         <name>__aeabi_memset8</name>
         <value>0x2b4b</value>
         <object_component_ref idref="oc-90"/>
      </symbol>
      <symbol id="sm-63a">
         <name>__aeabi_memset4</name>
         <value>0x2b4b</value>
         <object_component_ref idref="oc-90"/>
      </symbol>
      <symbol id="sm-63b">
         <name>__aeabi_memclr8</name>
         <value>0x2b49</value>
         <object_component_ref idref="oc-90"/>
      </symbol>
      <symbol id="sm-63c">
         <name>__aeabi_memclr4</name>
         <value>0x2b49</value>
         <object_component_ref idref="oc-90"/>
      </symbol>
      <symbol id="sm-63d">
         <name>__aeabi_memclr</name>
         <value>0x2b49</value>
         <object_component_ref idref="oc-90"/>
      </symbol>
      <symbol id="sm-665">
         <name>__TI_auto_init_nobinit_nopinit</name>
         <value>0x30b9</value>
         <object_component_ref idref="oc-13c"/>
      </symbol>
      <symbol id="sm-66f">
         <name>_system_pre_init</name>
         <value>0x36a9</value>
         <object_component_ref idref="oc-96"/>
      </symbol>
      <symbol id="sm-67b">
         <name>C$$EXIT</name>
         <value>0x36ad</value>
         <object_component_ref idref="oc-130"/>
      </symbol>
      <symbol id="sm-67c">
         <name>abort</name>
         <value>0x36ad</value>
         <object_component_ref idref="oc-130"/>
      </symbol>
      <symbol id="sm-694">
         <name>atoi</name>
         <value>0x2fdd</value>
         <object_component_ref idref="oc-270"/>
      </symbol>
      <symbol id="sm-69f">
         <name>_ctypes_</name>
         <value>0x39a8</value>
         <object_component_ref idref="oc-341"/>
      </symbol>
      <symbol id="sm-6ae">
         <name>ltoa</name>
         <value>0x2ee5</value>
         <object_component_ref idref="oc-361"/>
      </symbol>
      <symbol id="sm-6be">
         <name>memccpy</name>
         <value>0x351d</value>
         <object_component_ref idref="oc-299"/>
      </symbol>
      <symbol id="sm-6ce">
         <name>strchr</name>
         <value>0x3611</value>
         <object_component_ref idref="oc-398"/>
      </symbol>
      <symbol id="sm-6dc">
         <name>strlen</name>
         <value>0x3627</value>
         <object_component_ref idref="oc-26a"/>
      </symbol>
      <symbol id="sm-6f2">
         <name>__aeabi_errno_addr</name>
         <value>0x36a1</value>
         <object_component_ref idref="oc-2a5"/>
      </symbol>
      <symbol id="sm-6f3">
         <name>errno</name>
         <value>0x2000003c</value>
         <object_component_ref idref="oc-3a8"/>
      </symbol>
      <symbol id="sm-70c">
         <name>wcslen</name>
         <value>0x364d</value>
         <object_component_ref idref="oc-29f"/>
      </symbol>
      <symbol id="sm-72c">
         <name>frexpl</name>
         <value>0x2d15</value>
         <object_component_ref idref="oc-38c"/>
      </symbol>
      <symbol id="sm-72d">
         <name>frexp</name>
         <value>0x2d15</value>
         <object_component_ref idref="oc-38c"/>
      </symbol>
      <symbol id="sm-74a">
         <name>scalbn</name>
         <value>0x208d</value>
         <object_component_ref idref="oc-392"/>
      </symbol>
      <symbol id="sm-74b">
         <name>scalbnl</name>
         <value>0x208d</value>
         <object_component_ref idref="oc-392"/>
      </symbol>
      <symbol id="sm-74c">
         <name>ldexpl</name>
         <value>0x208d</value>
         <object_component_ref idref="oc-392"/>
      </symbol>
      <symbol id="sm-74d">
         <name>ldexp</name>
         <value>0x208d</value>
         <object_component_ref idref="oc-392"/>
      </symbol>
      <symbol id="sm-757">
         <name>__aeabi_idiv0</name>
         <value>0x1d07</value>
         <object_component_ref idref="oc-3ff"/>
      </symbol>
      <symbol id="sm-758">
         <name>__aeabi_ldiv0</name>
         <value>0x1d07</value>
         <object_component_ref idref="oc-3ff"/>
      </symbol>
      <symbol id="sm-762">
         <name>copysign</name>
         <value>0x3587</value>
         <object_component_ref idref="oc-418"/>
      </symbol>
      <symbol id="sm-763">
         <name>copysignl</name>
         <value>0x3587</value>
         <object_component_ref idref="oc-418"/>
      </symbol>
      <symbol id="sm-764">
         <name>__TI_static_base__</name>
         <value>0x0</value>
      </symbol>
      <symbol id="sm-767">
         <name>__mpu_init</name>
         <value>0x0</value>
      </symbol>
      <symbol id="sm-768">
         <name>_system_post_cinit</name>
         <value>0x0</value>
      </symbol>
      <symbol id="sm-769">
         <name>NMI_Handler</name>
         <value>0x177f</value>
      </symbol>
      <symbol id="sm-76a">
         <name>HardFault_Handler</name>
         <value>0x177f</value>
      </symbol>
      <symbol id="sm-76b">
         <name>MemManage_Handler</name>
         <value>0x177f</value>
      </symbol>
      <symbol id="sm-76c">
         <name>BusFault_Handler</name>
         <value>0x177f</value>
      </symbol>
      <symbol id="sm-76d">
         <name>UsageFault_Handler</name>
         <value>0x177f</value>
      </symbol>
      <symbol id="sm-76e">
         <name>SVC_Handler</name>
         <value>0x177f</value>
      </symbol>
      <symbol id="sm-76f">
         <name>DebugMon_Handler</name>
         <value>0x177f</value>
      </symbol>
      <symbol id="sm-770">
         <name>PendSV_Handler</name>
         <value>0x177f</value>
      </symbol>
      <symbol id="sm-771">
         <name>SysTick_Handler</name>
         <value>0x177f</value>
      </symbol>
      <symbol id="sm-772">
         <name>PSS_IRQHandler</name>
         <value>0x177f</value>
      </symbol>
      <symbol id="sm-773">
         <name>CS_IRQHandler</name>
         <value>0x177f</value>
      </symbol>
      <symbol id="sm-774">
         <name>PCM_IRQHandler</name>
         <value>0x177f</value>
      </symbol>
      <symbol id="sm-775">
         <name>WDT_A_IRQHandler</name>
         <value>0x177f</value>
      </symbol>
      <symbol id="sm-776">
         <name>FPU_IRQHandler</name>
         <value>0x177f</value>
      </symbol>
      <symbol id="sm-777">
         <name>FLCTL_IRQHandler</name>
         <value>0x177f</value>
      </symbol>
      <symbol id="sm-778">
         <name>COMP_E0_IRQHandler</name>
         <value>0x177f</value>
      </symbol>
      <symbol id="sm-779">
         <name>COMP_E1_IRQHandler</name>
         <value>0x177f</value>
      </symbol>
      <symbol id="sm-77a">
         <name>TA0_0_IRQHandler</name>
         <value>0x177f</value>
      </symbol>
      <symbol id="sm-77b">
         <name>TA0_N_IRQHandler</name>
         <value>0x177f</value>
      </symbol>
      <symbol id="sm-77c">
         <name>TA1_0_IRQHandler</name>
         <value>0x177f</value>
      </symbol>
      <symbol id="sm-77d">
         <name>TA1_N_IRQHandler</name>
         <value>0x177f</value>
      </symbol>
      <symbol id="sm-77e">
         <name>TA2_0_IRQHandler</name>
         <value>0x177f</value>
      </symbol>
      <symbol id="sm-77f">
         <name>TA2_N_IRQHandler</name>
         <value>0x177f</value>
      </symbol>
      <symbol id="sm-780">
         <name>TA3_0_IRQHandler</name>
         <value>0x177f</value>
      </symbol>
      <symbol id="sm-781">
         <name>TA3_N_IRQHandler</name>
         <value>0x177f</value>
      </symbol>
      <symbol id="sm-782">
         <name>EUSCIA0_IRQHandler</name>
         <value>0x177f</value>
      </symbol>
      <symbol id="sm-783">
         <name>EUSCIA1_IRQHandler</name>
         <value>0x177f</value>
      </symbol>
      <symbol id="sm-784">
         <name>EUSCIA2_IRQHandler</name>
         <value>0x177f</value>
      </symbol>
      <symbol id="sm-785">
         <name>EUSCIA3_IRQHandler</name>
         <value>0x177f</value>
      </symbol>
      <symbol id="sm-786">
         <name>EUSCIB0_IRQHandler</name>
         <value>0x177f</value>
      </symbol>
      <symbol id="sm-787">
         <name>EUSCIB1_IRQHandler</name>
         <value>0x177f</value>
      </symbol>
      <symbol id="sm-788">
         <name>EUSCIB2_IRQHandler</name>
         <value>0x177f</value>
      </symbol>
      <symbol id="sm-789">
         <name>EUSCIB3_IRQHandler</name>
         <value>0x177f</value>
      </symbol>
      <symbol id="sm-78a">
         <name>ADC14_IRQHandler</name>
         <value>0x2395</value>
      </symbol>
      <symbol id="sm-78b">
         <name>T32_INT1_IRQHandler</name>
         <value>0x177f</value>
      </symbol>
      <symbol id="sm-78c">
         <name>T32_INT2_IRQHandler</name>
         <value>0x177f</value>
      </symbol>
      <symbol id="sm-78d">
         <name>T32_INTC_IRQHandler</name>
         <value>0x177f</value>
      </symbol>
      <symbol id="sm-78e">
         <name>AES256_IRQHandler</name>
         <value>0x177f</value>
      </symbol>
      <symbol id="sm-78f">
         <name>RTC_C_IRQHandler</name>
         <value>0x177f</value>
      </symbol>
      <symbol id="sm-790">
         <name>DMA_ERR_IRQHandler</name>
         <value>0x177f</value>
      </symbol>
      <symbol id="sm-791">
         <name>DMA_INT3_IRQHandler</name>
         <value>0x177f</value>
      </symbol>
      <symbol id="sm-792">
         <name>DMA_INT2_IRQHandler</name>
         <value>0x177f</value>
      </symbol>
      <symbol id="sm-793">
         <name>DMA_INT1_IRQHandler</name>
         <value>0x177f</value>
      </symbol>
      <symbol id="sm-794">
         <name>DMA_INT0_IRQHandler</name>
         <value>0x177f</value>
      </symbol>
      <symbol id="sm-795">
         <name>PORT1_IRQHandler</name>
         <value>0x177f</value>
      </symbol>
      <symbol id="sm-796">
         <name>PORT2_IRQHandler</name>
         <value>0x177f</value>
      </symbol>
      <symbol id="sm-797">
         <name>PORT3_IRQHandler</name>
         <value>0x177f</value>
      </symbol>
      <symbol id="sm-798">
         <name>PORT4_IRQHandler</name>
         <value>0x177f</value>
      </symbol>
      <symbol id="sm-799">
         <name>PORT5_IRQHandler</name>
         <value>0x177f</value>
      </symbol>
      <symbol id="sm-79a">
         <name>PORT6_IRQHandler</name>
         <value>0x177f</value>
      </symbol>
   </symbol_table>
   <title>Link successful</title>
</link_info>
